2025-06-15T23:37:53: 
2025-06-15T23:37:53: > fuxi-fe@0.1.0 serve
2025-06-15T23:37:53: > vue-cli-service serve --mode dev --port 8089
2025-06-15T23:37:53: 
2025-06-15T23:37:53:  INFO  Starting development server...
2025-06-15T23:38:27:  DONE  Compiled successfully in 31449ms23:38:27
2025-06-15T23:38:27: 
2025-06-15T23:38:27: 
2025-06-15T23:38:27:   App running at:
2025-06-15T23:38:27:   - Local:   http://localhost:8093/ 
2025-06-15T23:38:27:   - Network: http://10.3.242.4:8093/
2025-06-15T23:38:27: 
2025-06-15T23:38:27:   Note that the development build is not optimized.
2025-06-15T23:38:27:   To create a production build, run npm run build.
2025-06-15T23:38:27: 
2025-06-16T02:26:16:  WAIT  Compiling...02:26:16
2025-06-16T02:26:16: 
2025-06-16T02:26:20:  DONE  Compiled successfully in 3998ms02:26:20
2025-06-16T02:26:20: 
2025-06-16T02:26:20: 
2025-06-16T02:26:20:   App running at:
2025-06-16T02:26:20:   - Local:   http://localhost:8093/ 
2025-06-16T02:26:20:   - Network: http://10.3.242.4:8093/
2025-06-16T02:26:20: 
2025-06-16T02:26:28:  WAIT  Compiling...02:26:28
2025-06-16T02:26:28: 
2025-06-16T02:26:29:  DONE  Compiled successfully in 826ms02:26:29
2025-06-16T02:26:29: 
2025-06-16T02:26:29: 
2025-06-16T02:26:29:   App running at:
2025-06-16T02:26:29:   - Local:   http://localhost:8093/ 
2025-06-16T02:26:29:   - Network: http://10.3.242.4:8093/
2025-06-16T02:26:29: 
2025-06-16T02:26:29:  WAIT  Compiling...02:26:29
2025-06-16T02:26:29: 
2025-06-16T02:26:30:  DONE  Compiled successfully in 753ms02:26:30
2025-06-16T02:26:30: 
2025-06-16T02:26:30: 
2025-06-16T02:26:30:   App running at:
2025-06-16T02:26:30:   - Local:   http://localhost:8093/ 
2025-06-16T02:26:30:   - Network: http://10.3.242.4:8093/
2025-06-16T02:26:30: 
2025-06-16T02:26:38:  WAIT  Compiling...02:26:38
2025-06-16T02:26:38: 
2025-06-16T02:26:39:  DONE  Compiled successfully in 587ms02:26:39
2025-06-16T02:26:39: 
2025-06-16T02:26:39: 
2025-06-16T02:26:39:   App running at:
2025-06-16T02:26:39:   - Local:   http://localhost:8093/ 
2025-06-16T02:26:39:   - Network: http://10.3.242.4:8093/
2025-06-16T02:26:39: 
2025-06-16T02:26:39:  WAIT  Compiling...02:26:39
2025-06-16T02:26:39: 
2025-06-16T02:26:40:  DONE  Compiled successfully in 527ms02:26:40
2025-06-16T02:26:40: 
2025-06-16T02:26:40: 
2025-06-16T02:26:40:   App running at:
2025-06-16T02:26:40:   - Local:   http://localhost:8093/ 
2025-06-16T02:26:40:   - Network: http://10.3.242.4:8093/
2025-06-16T02:26:40: 
2025-06-16T02:26:48:  WAIT  Compiling...02:26:48
2025-06-16T02:26:48: 
2025-06-16T02:26:48:  DONE  Compiled successfully in 488ms02:26:48
2025-06-16T02:26:48: 
2025-06-16T02:26:48: 
2025-06-16T02:26:48:   App running at:
2025-06-16T02:26:48:   - Local:   http://localhost:8093/ 
2025-06-16T02:26:48:   - Network: http://10.3.242.4:8093/
2025-06-16T02:26:48: 
2025-06-16T02:26:49:  WAIT  Compiling...02:26:49
2025-06-16T02:26:49: 
2025-06-16T02:26:49:  DONE  Compiled successfully in 560ms02:26:49
2025-06-16T02:26:49: 
2025-06-16T02:26:49: 
2025-06-16T02:26:49:   App running at:
2025-06-16T02:26:49:   - Local:   http://localhost:8093/ 
2025-06-16T02:26:49:   - Network: http://10.3.242.4:8093/
2025-06-16T02:26:49: 
